[0m16:14:06.810414 [debug] [MainThread]: Sending event: {'category': 'dbt', 'action': 'invocation', 'label': 'start', 'context': [<snowplow_tracker.self_describing_json.SelfDescribingJson object at 0x71f6471384c0>, <snowplow_tracker.self_describing_json.SelfDescribingJson object at 0x71f646904c10>, <snowplow_tracker.self_describing_json.SelfDescribingJson object at 0x71f6465b7fd0>]}


============================== 16:14:08.471623 | 816806bb-742c-4d27-ac34-92ae2fb954aa ==============================
[0m16:14:08.471623 [info ] [MainThread]: Running with dbt=1.9.0-b2
[0m16:14:08.482372 [debug] [MainThread]: running dbt with arguments {'printer_width': '80', 'indirect_selection': 'eager', 'write_json': 'True', 'log_cache_events': 'False', 'partial_parse': 'True', 'cache_selected_only': 'False', 'warn_error': 'None', 'debug': 'False', 'profiles_dir': '/opt/airflow/dbt', 'log_path': 'logs', 'fail_fast': 'False', 'version_check': 'True', 'use_colors': 'True', 'use_experimental_parser': 'False', 'empty': 'None', 'quiet': 'False', 'no_print': 'None', 'log_format': 'default', 'introspect': 'True', 'invocation_command': 'dbt init proyecto_unl', 'static_parser': 'True', 'target_path': 'None', 'warn_error_options': 'WarnErrorOptions(include=[], exclude=[])', 'send_anonymous_usage_stats': 'True'}
[0m16:14:08.721806 [debug] [MainThread]: Starter project path: /home/airflow/.local/lib/python3.8/site-packages/dbt/include/starter_project
[0m16:14:10.068076 [info ] [MainThread]: 
Your new dbt project "proyecto_unl" was created!

For more information on how to configure the profiles.yml file,
please consult the dbt documentation here:

  https://docs.getdbt.com/docs/configure-your-profile

One more thing:

Need help? Don't hesitate to reach out to us via GitHub issues or on Slack:

  https://community.getdbt.com/

Happy modeling!

[0m16:14:10.080653 [info ] [MainThread]: Setting up your profile.
[0m16:21:46.694859 [info ] [MainThread]: Profile proyecto_unl written to /opt/airflow/dbt/profiles.yml using target's profile_template.yml and your supplied values. Run 'dbt debug' to validate the connection.
[0m16:21:46.772980 [debug] [MainThread]: Resource report: {"command_name": "init", "command_success": true, "command_wall_clock_time": 460.1716, "process_user_time": 6.763851, "process_kernel_time": 11.955563, "process_mem_max_rss": "93652", "process_in_blocks": "1376", "process_out_blocks": "112"}
[0m16:21:46.791108 [debug] [MainThread]: Command `dbt init` succeeded at 16:21:46.786980 after 460.21 seconds
[0m16:21:46.799072 [debug] [MainThread]: Sending event: {'category': 'dbt', 'action': 'invocation', 'label': 'end', 'context': [<snowplow_tracker.self_describing_json.SelfDescribingJson object at 0x71f6471384c0>, <snowplow_tracker.self_describing_json.SelfDescribingJson object at 0x71f645a037c0>, <snowplow_tracker.self_describing_json.SelfDescribingJson object at 0x71f6465b7fd0>]}
[0m16:21:46.823763 [debug] [MainThread]: Flushing usage events
[0m16:21:48.796453 [debug] [MainThread]: An error was encountered while trying to flush usage events
